#SmplID	SmplPrefix	Path	AssmblGrps	SupportReads	INFO	SeqTech	sampleID	Individual	TimePoint
#WARNING	OFF								
#RunID	2.testPB								
#OutPath	$MF4DIR/examples/output/								
#DirPath	$MF4DIR/examples//data								
S4zmS1	SRR8797713		I2			hiSeq		S4zm_R1177-S0001	0
S4zmS1.2			I2	PB:$MF4DIR/examples//data/SRR15489013_sub.fq.gz				S4zm_R1177-S0001	0
S4zmS1.3	SRR8797712		I2			hiSeq		S4zm_R1177-S0001	0
S4zmPBonly	SRR15489013_sub					PB			0
S4zm	SRR8797713			PB:$MF4DIR/examples//data/SRR15489013_sub.fq.gz		hiSeq		S4zm_R1177-S0001	0
S4qia	SRR8797712			PB:$MF4DIR/examples//data/SRR15489013_sub.fq.gz,$MF4DIR/examples//data/SRR15489009_sub.fq.gz		hiSeq		S4zm_R1177-S0001	0
S4zmGG1	SRR8797713		I1	PB:$MF4DIR/examples//data/SRR15489013_sub.fq.gz		hiSeq		S4zm_R1177-S0001	0
S4qiaGG2	SRR8797712		I1	PB:$MF4DIR/examples//data/SRR15489013_sub.fq.gz		hiSeq		S4zm_R1177-S0001	0
S4qiaGG3	SRR8797712		I1	PB:$MF4DIR/examples//data/SRR15489009_sub.fq.gz		hiSeq		S4zm_R1177-S0001	0
S4qiaS2	SRR8797712		I3			hiSeq		S4zm_R1177-S0001	0
S4qiaS3	SRR8797712		I3			hiSeq		S4zm_R1177-S0001	0
